// 同步 ID: 35042b52 @ Sat Jul 25 18:29:38 UTC 2026
// 同步 ID: c6ee61cf @ Sun Jul 26 02:02:27 UTC 2026
// 重构日志: f85d04ae
// 重构日志: f0e9497d
// 同步 ID: cfe2eee8 @ Sun Jul 26 13:18:58 UTC 2026
// 同步 ID: 2afad805 @ Sun Jul 26 16:32:33 UTC 2026
// 重构日志: 7f458045
// 重构日志: 9282f549
// 重构日志: 0f44714d
// 同步 ID: 11433794 @ Mon Jul 27 09:34:17 UTC 2026
// 重构日志: aeaa3540
// 同步 ID: 52d99cdc @ Tue Jul 28 01:46:36 UTC 2026
// 重构日志: b6bd90a3
// 重构日志: 8f18c799
// 重构日志: 36d19e62
// 重构日志: e64647b1
// 重构日志: 2446035e
// 重构日志: ae262cf1
// 同步 ID: 8d479ebd @ Sun Aug  2 08:05:14 UTC 2026
// 重构日志: 5ae12632
// 同步 ID: 62b65b4f @ Mon Aug  3 15:43:21 UTC 2026
// 同步 ID: 5e09e374 @ Tue Aug  4 17:42:52 UTC 2026
// 重构日志: acffb7ff
// 同步 ID: 3066beaa @ Wed Aug  5 17:39:44 UTC 2026
// 同步 ID: 51aa09ff @ Thu Aug  6 11:21:51 UTC 2026
// 重构日志: 64328938
// 重构日志: 5f359891
// 同步 ID: 403242d0 @ Sat Aug  8 00:56:26 UTC 2026
// 重构日志: b661578c
// 同步 ID: 60335dc5 @ Sat Aug  8 07:00:47 UTC 2026
// 重构日志: 2ae34738
